
> my-project@0.1.0 build /app
> next build --webpack

Attention: Next.js now collects completely anonymous telemetry regarding usage.
This information is used to shape Next.js' roadmap and prioritize features.
You can learn more, including how to opt-out if you'd not like to participate in this anonymous program, by visiting the following URL:
https://nextjs.org/telemetry

▲ Next.js 16.2.6 (webpack)

  Creating an optimized production build ...
✓ Compiled successfully in 19.0s
  Skipping validation of types
  Finished TypeScript config validation in 12ms ...
  Collecting page data using 3 workers ...
  Generating static pages using 3 workers (0/4) ...
  Generating static pages using 3 workers (1/4)
  Generating static pages using 3 workers (2/4)
  Generating static pages using 3 workers (3/4)
✓ Generating static pages using 3 workers (4/4) in 394ms
  Finalizing page optimization ...
  Collecting build traces ...

Route (app)
┌ ○ /
├ ○ /_not-found
└ ○ /owner


○  (Static)  prerendered as static content
